**************************************************
Report         : status

Reference      : r:/WORK/vending_top
Implementation : i:/WORK/vending_top
Version        : X-2025.06-SP3
Date           : Wed Jul 22 15:17:36 2026
**************************************************

***************************** Synopsys Auto Setup Summary ******************************

!!! Synopsys Auto Setup Mode was enabled. !!!
!!! Verification results are valid assuming the following setup constraints: !!!

### RTL Interpretation Setup
   set hdlin_ignore_parallel_case false
   set hdlin_ignore_full_case false
   set hdlin_error_on_mismatch_message false
   set hdlin_ignore_embedded_configuration true

### Undriven Signal Handling Setup
   set verification_set_undriven_signals synthesis

### Test Logic Setup
   set verification_verify_directly_undriven_output false
   For details see report_dont_verify_points and report_constants

For further details on Synopsys Auto Setup Mode: Type man synopsys_auto_setup
****************************************************************************************


********************************* Verification Results *********************************
Verification SUCCEEDED
   ATTENTION: synopsys_auto_setup mode was enabled.
              See Synopsys Auto Setup Summary for details.
   ATTENTION: Inconsistency detected in design data with SVF.
              See Design Consistency Check Summary for details.
----------------------------------------------------------
 Reference design: r:/WORK/vending_top
 Implementation design: i:/WORK/vending_top
 41 Passing compare points
----------------------------------------------------------------------------------------
Matched Compare Points     BBPin    Loop   BBNet     Cut    Port     DFF     LAT   TOTAL
----------------------------------------------------------------------------------------
Passing (equivalent)           0       0       0       0      21      20       0      41
Failing (not equivalent)       0       0       0       0       0       0       0       0
****************************************************************************************
1
