**************************************************
Report         : passing_points

Reference      : r:/WORK/vending_top
Implementation : i:/WORK/vending_top
Version        : X-2025.06-SP3
Date           : Wed Jul 22 15:17:36 2026
**************************************************

41 Passing compare points:

  Ref  DFF        r:/WORK/vending_top/u_control/change_r_reg[0]
  Impl DFF        i:/WORK/vending_top/u_control/change_r_reg[0]

  Ref  DFF        r:/WORK/vending_top/u_control/change_r_reg[1]
  Impl DFF        i:/WORK/vending_top/u_control/change_r_reg[1]

  Ref  DFF        r:/WORK/vending_top/u_control/change_r_reg[2]
  Impl DFF        i:/WORK/vending_top/u_control/change_r_reg[2]

  Ref  DFF        r:/WORK/vending_top/u_control/change_r_reg[3]
  Impl DFF        i:/WORK/vending_top/u_control/change_r_reg[3]

  Ref  DFF        r:/WORK/vending_top/u_control/change_r_reg[4]
  Impl DFF        i:/WORK/vending_top/u_control/change_r_reg[4]

  Ref  DFF        r:/WORK/vending_top/u_control/change_r_reg[5]
  Impl DFF        i:/WORK/vending_top/u_control/change_r_reg[5]

  Ref  DFF        r:/WORK/vending_top/u_control/change_r_reg[6]
  Impl DFF        i:/WORK/vending_top/u_control/change_r_reg[6]

  Ref  DFF        r:/WORK/vending_top/u_control/change_r_reg[7]
  Impl DFF        i:/WORK/vending_top/u_control/change_r_reg[7]

  Ref  DFF        r:/WORK/vending_top/u_control/mem_ready_q_reg
  Impl DFF        i:/WORK/vending_top/u_control/mem_ready_q_reg

  Ref  DFF        r:/WORK/vending_top/u_control/state_reg[0]
  Impl DFF        i:/WORK/vending_top/u_control/state_reg[0]

  Ref  DFF        r:/WORK/vending_top/u_control/state_reg[1]
  Impl DFF        i:/WORK/vending_top/u_control/state_reg[1]

  Ref  DFF        r:/WORK/vending_top/u_control/state_reg[2]
  Impl DFF        i:/WORK/vending_top/u_control/state_reg[2]

  Ref  DFF        r:/WORK/vending_top/u_credit/credit_reg[0]
  Impl DFF        i:/WORK/vending_top/u_credit/credit_reg[0]

  Ref  DFF        r:/WORK/vending_top/u_credit/credit_reg[1]
  Impl DFF        i:/WORK/vending_top/u_credit/credit_reg[1]

  Ref  DFF        r:/WORK/vending_top/u_credit/credit_reg[2]
  Impl DFF        i:/WORK/vending_top/u_credit/credit_reg[2]

  Ref  DFF        r:/WORK/vending_top/u_credit/credit_reg[3]
  Impl DFF        i:/WORK/vending_top/u_credit/credit_reg[3]

  Ref  DFF        r:/WORK/vending_top/u_credit/credit_reg[4]
  Impl DFF        i:/WORK/vending_top/u_credit/credit_reg[4]

  Ref  DFF        r:/WORK/vending_top/u_credit/credit_reg[5]
  Impl DFF        i:/WORK/vending_top/u_credit/credit_reg[5]

  Ref  DFF        r:/WORK/vending_top/u_credit/credit_reg[6]
  Impl DFF        i:/WORK/vending_top/u_credit/credit_reg[6]

  Ref  DFF        r:/WORK/vending_top/u_credit/credit_reg[7]
  Impl DFF        i:/WORK/vending_top/u_credit/credit_reg[7]

  Ref  Port       r:/WORK/vending_top/change_out[0]
  Impl Port       i:/WORK/vending_top/change_out[0]

  Ref  Port       r:/WORK/vending_top/change_out[1]
  Impl Port       i:/WORK/vending_top/change_out[1]

  Ref  Port       r:/WORK/vending_top/change_out[2]
  Impl Port       i:/WORK/vending_top/change_out[2]

  Ref  Port       r:/WORK/vending_top/change_out[3]
  Impl Port       i:/WORK/vending_top/change_out[3]

  Ref  Port       r:/WORK/vending_top/change_out[4]
  Impl Port       i:/WORK/vending_top/change_out[4]

  Ref  Port       r:/WORK/vending_top/change_out[5]
  Impl Port       i:/WORK/vending_top/change_out[5]

  Ref  Port       r:/WORK/vending_top/change_out[6]
  Impl Port       i:/WORK/vending_top/change_out[6]

  Ref  Port       r:/WORK/vending_top/change_out[7]
  Impl Port       i:/WORK/vending_top/change_out[7]

  Ref  Port       r:/WORK/vending_top/dispense
  Impl Port       i:/WORK/vending_top/dispense

  Ref  Port       r:/WORK/vending_top/display[0]
  Impl Port       i:/WORK/vending_top/display[0]

  Ref  Port       r:/WORK/vending_top/display[1]
  Impl Port       i:/WORK/vending_top/display[1]

  Ref  Port       r:/WORK/vending_top/display[2]
  Impl Port       i:/WORK/vending_top/display[2]

  Ref  Port       r:/WORK/vending_top/display[3]
  Impl Port       i:/WORK/vending_top/display[3]

  Ref  Port       r:/WORK/vending_top/display[4]
  Impl Port       i:/WORK/vending_top/display[4]

  Ref  Port       r:/WORK/vending_top/display[5]
  Impl Port       i:/WORK/vending_top/display[5]

  Ref  Port       r:/WORK/vending_top/display[6]
  Impl Port       i:/WORK/vending_top/display[6]

  Ref  Port       r:/WORK/vending_top/display[7]
  Impl Port       i:/WORK/vending_top/display[7]

  Ref  Port       r:/WORK/vending_top/error
  Impl Port       i:/WORK/vending_top/error

  Ref  Port       r:/WORK/vending_top/state_out[0]
  Impl Port       i:/WORK/vending_top/state_out[0]

  Ref  Port       r:/WORK/vending_top/state_out[1]
  Impl Port       i:/WORK/vending_top/state_out[1]

  Ref  Port       r:/WORK/vending_top/state_out[2]
  Impl Port       i:/WORK/vending_top/state_out[2]

 [BBNet: multiply-driven net
  BBPin: black-box pin
  Cut:   cut-point
  DFF:   non-constant DFF register
  DFF0:  constant 0 DFF register
  DFF1:  constant 1 DFF register
  DFFX:  constant X DFF register
  DFF0X: constrained 0X DFF register
  DFF1X: constrained 1X DFF register
  LAT:   non-constant latch register
  LAT0:  constant 0 latch register
  LAT1:  constant 1 latch register
  LATX:  constant X latch register
  LAT0X: constrained 0X latch register
  LAT1X: constrained 1X latch register
  LATCG: clock-gating latch register
  TLA:   transparent latch register
  TLA0X: transparent constrained 0X latch register
  TLA1X: transparent constrained 1X latch register
  Loop:  cycle break point
  Port:  primary (top-level) port
  Und:   undriven signal cut-point
  Unk:   unknown signal cut-point]

1
