#@ # 
#@ # Running fm_shell Version X-2025.06-SP3 for linux64 -- Oct 13, 2025
#@ # Date:   Wed Jul 22 15:17:28 2026
#@ # Run by: joelson.souza@srv-microeletronica3
#@ 

source /Tools/synopsys/fm/X-2025.06-SP3/admin/setup/.synopsys_fm.setup
#@ # -- Starting source /Tools/synopsys/fm/X-2025.06-SP3/admin/setup/.synopsys_fm.setup

#@ #
#@ # .synopsys_fm.setup: Initialization File for Formality
#@ #
#@ 
#@ 
#@ #
#@ # Enable stack trace output on fatal.  Not available for all architectures.
#@ #
#@ if { $sh_arch == "sparc" || $sh_arch == "sparcOS5" || \
#@      $sh_arch == "hp700" || $sh_arch == "hpux10" } {
#@   set_unix_variable SYNOPSYS_TRACE ""
#@ }
#@ 
#@ #
#@ # Variable settings
#@ #
#@ set sh_new_variable_message true
#@ 
#@ #
#@ # Synopsys strongly recommends that you uncomment the following command
#@ # in order to set sh_command_abbrev_mode to the value "Command-Line-Only".
#@ # Command abbreviation is intended as an interactive convenience.  Using
#@ # abbreviations in scripts can cause commands to fail in subsequent releases.
#@ # 
#@ #set sh_command_abbrev_mode "Command-Line-Only"
#@ 
#@ #
#@ # Some useful aliases
#@ #
#@ alias list_commands		help
#@ 
#@ #
#@ # The alias of q to quit is commented out.  Remove the comment 
#@ # character if you want this alias.  Some users find that having 
#@ # this particular alias causes problems when mixed with page-mode
#@ # for reports - an accidental repeated 'q' not only cancels the
#@ # output but exits the tool.
#@ #
#@ #alias q quit
#@ # -- End source /Tools/synopsys/fm/X-2025.06-SP3/admin/setup/.synopsys_fm.setup

source formality.tcl 
#@ # -- Starting source formality.tcl

#@ # ============================================================
#@ # formality.tcl
#@ # Equivalência Formal RTL x Netlist
#@ # Vending Machine Controller
#@ # ============================================================
#@ 
#@ # ============================================================
#@ # 1. Biblioteca de células
#@ # Mesma usada no Design Compiler
#@ # ============================================================
#@ 
#@ read_db ../libs/saed32rvt_tt1p05v25c.db
#@ 
#@ # Habilita uso completo do guidance SVF
#@ set synopsys_auto_setup true
#@ 
#@ # ============================================================
#@ # 2. Carrega SVF gerado pelo Design Compiler
#@ # DEVE vir antes dos read_verilog
#@ # ============================================================
#@ 
#@ set_svf ../synth/reports/default.svf
#@ 
#@ # ============================================================
#@ # 3. GOLDEN DESIGN (RTL)
#@ # ============================================================
#@ 
#@ read_verilog -09 -r {
#@     ../rtl/vending_pkg.sv
#@     ../rtl/credit_reg.sv
#@     ../rtl/memory.sv
#@     ../rtl/comparator.sv
#@     ../rtl/subtractor.sv
#@     ../rtl/control_unit.sv
#@     ../rtl/vending_top.sv
#@ }
#@ 
#@ set_top r:/WORK/vending_top
#@ 
#@ # ============================================================
#@ # 4. REVISED DESIGN (NETLIST)
#@ # ============================================================
#@ 
#@ read_verilog -09 -i  ../synth/vending_top_netlist.v
#@ 
#@ set_top i:/WORK/vending_top
#@ 
#@ # ============================================================
#@ # 5. MATCH
#@ # ============================================================
#@ 
#@ match
#@ 
#@ # ============================================================
#@ # 6. Relatórios do guidance SVF
#@ # ============================================================
#@ 
#@ report_svf_operation -status accepted > reports/formality_svf_accepted.rpt
#@ 
#@ report_svf_operation -status rejected > reports/formality_svf_rejected.rpt
#@ 
#@ # ============================================================
#@ # 7. Relatórios de casamento
#@ # ============================================================
#@ 
#@ report_matched_points > reports/formality_matched.rpt
#@ 
#@ report_unmatched_points > reports/formality_unmatched.rpt
#@ 
#@ # ============================================================
#@ # 8. VERIFY
#@ # ============================================================
#@ 
#@ verify
#@ 
#@ # ============================================================
#@ # 9. Relatórios finais de sign-off
#@ # ============================================================
#@ 
#@ redirect reports/formality_status.rpt {
#@ report_status
#@ }
#@ 
#@ report_passing_points > reports/formality_passing.rpt
#@ 
#@ report_failing_points > reports/formality_failing.rpt
#@ 
#@ report_unmatched_points > reports/formality_unmatched.rpt
#@ 
#@ exit
